// Vitest Snapshot v1, https://vitest.dev/guide/snapshot.html

exports[`feature inventory audit > inventory matrix matches snapshot 1`] = `
[
  {
    "connectsTo": [
      "Student Voice",
      "Action Items",
      "Meeting Prep",
      "Recommended Resources",
    ],
    "demoDestination": "/demo/feature/student/pathway-report",
    "featureId": "pathway-report",
    "feedsInto": [
      "Student Voice",
      "Action Items",
      "Meeting Prep",
      "Recommended Resources",
    ],
    "nextStep": "Star one recommendation to bring to your next PPT so your team knows what matters to you.",
    "pathwayRelation": "reviews",
    "permission": "You. Your family and case manager can see this too; no other student, family, educator, or partner can.",
    "primaryAction": "Open My Report",
    "purpose": "See the current version of your Pathway Report, what's inside each section, and what's still missing.",
    "role": "student",
    "secondaryAction": "Answer Voice Prompts",
    "title": "My Pathway Report",
    "workspaceDestination": "/pathway/student",
  },
  {
    "connectsTo": [
      "Pathway Report",
      "Meeting Prep",
    ],
    "demoDestination": "/demo/feature/student/student-voice",
    "featureId": "student-voice",
    "feedsInto": [
      "Pathway Report",
      "Meeting Prep",
    ],
    "nextStep": "Answer the two prompts you haven't touched yet — each one takes under two minutes.",
    "pathwayRelation": "feeds",
    "permission": "You. Your family and case manager can see this too; no other student, family, educator, or partner can.",
    "primaryAction": "Answer Prompts",
    "purpose": "Answer short prompts. Your responses feed the Pathway Report and meeting prep.",
    "role": "student",
    "secondaryAction": "See My Report",
    "title": "Student Voice",
    "workspaceDestination": "/student-voice",
  },
  {
    "connectsTo": [
      "Pathway Report",
      "Meeting Prep",
      "Calendar",
    ],
    "demoDestination": "/demo/feature/student/action-items",
    "featureId": "action-items",
    "feedsInto": [
      "Pathway Report",
      "Meeting Prep",
      "Calendar",
    ],
    "nextStep": "Pick the item due soonest and either complete it or add a note about what's blocking you.",
    "pathwayRelation": "acts-on",
    "permission": "You. Your family and case manager can see this too; no other student, family, educator, or partner can.",
    "primaryAction": "Open Action Items",
    "purpose": "See what's due, mark items done, and add your own follow-ups.",
    "role": "student",
    "secondaryAction": "Prep My Next Meeting",
    "title": "My Action Items",
    "workspaceDestination": "/action-items",
  },
  {
    "connectsTo": [
      "Pathway Report",
      "Recommended Resources",
    ],
    "demoDestination": "/demo/feature/student/saved-resources",
    "featureId": "saved-resources",
    "feedsInto": [
      "Pathway Report",
      "Sharing & Consent",
      "Pathway Report",
      "Recommended Resources",
    ],
    "nextStep": "Open the resource with the most recent date and skim it before your next meeting.",
    "pathwayRelation": "supports",
    "permission": "You. Your family and case manager can see this too; no other student, family, educator, or partner can.",
    "primaryAction": "Open Saved Resources",
    "purpose": "Open a saved resource, remove one, or find more from the resource library.",
    "role": "student",
    "secondaryAction": "Browse Recommended",
    "title": "Saved Resources",
    "workspaceDestination": "/resources/saved",
  },
  {
    "connectsTo": [
      "Calendar",
      "Student Voice",
      "Pathway Report",
    ],
    "demoDestination": "/demo/feature/student/meeting-prep",
    "featureId": "meeting-prep",
    "feedsInto": [
      "Pathway Report",
      "Calendar",
      "Student Voice",
    ],
    "nextStep": "Add one question you want answered at the next PPT before your team locks the agenda.",
    "pathwayRelation": "acts-on",
    "permission": "You. Your family and case manager can see this too; no other student, family, educator, or partner can.",
    "primaryAction": "Prep For My Next Meeting",
    "purpose": "Add questions, review the agenda, and print a one-pager to bring with you.",
    "role": "student",
    "secondaryAction": "Open My Calendar",
    "title": "Meeting Prep",
    "workspaceDestination": "/ppt-prep",
  },
  {
    "connectsTo": [
      "Meeting Prep",
      "Action Items",
    ],
    "demoDestination": "/demo/feature/student/calendar",
    "featureId": "calendar",
    "feedsInto": [
      "Meeting Prep",
      "Action Items",
    ],
    "nextStep": "Add the next PPT to your personal calendar and set a two-day reminder.",
    "pathwayRelation": "tracks",
    "permission": "You. Your family and case manager can see this too; no other student, family, educator, or partner can.",
    "primaryAction": "Open Calendar",
    "purpose": "See what's coming up, add a meeting to your personal calendar, and jump into prep.",
    "role": "student",
    "secondaryAction": "Start Meeting Prep",
    "title": "Upcoming Meetings",
    "workspaceDestination": "/meetings",
  },
  {
    "connectsTo": [
      "Pathway Report",
      "Meeting Prep",
    ],
    "demoDestination": "/demo/feature/student/documents",
    "featureId": "documents",
    "feedsInto": [
      "Pathway Report",
      "Meeting Prep",
    ],
    "nextStep": "If your latest IEP isn't here, ask your case manager to share it.",
    "pathwayRelation": "feeds",
    "permission": "You. Your family and case manager can see this too; no other student, family, educator, or partner can.",
    "primaryAction": "Open Documents",
    "purpose": "Open a document, request access, or ask your team to share the latest version.",
    "role": "student",
    "secondaryAction": "Open My Report",
    "title": "Documents Shared With Me",
    "workspaceDestination": "/documents",
  },
  {
    "connectsTo": [
      "Pathway Report",
      "Student Voice",
      "Sharing & Consent",
    ],
    "demoDestination": "/demo/feature/family/student-profile",
    "featureId": "student-profile",
    "feedsInto": [
      "Pathway Report",
      "Student Voice",
      "Sharing & Consent",
    ],
    "nextStep": "Update strengths, interests, or supports if anything has changed this semester.",
    "pathwayRelation": "feeds",
    "permission": "Family members you've invited plus your student's caseload team. Never partners, never other families.",
    "primaryAction": "Open Student Profile",
    "purpose": "Open the student's profile, update basic info, and see who's on the team.",
    "role": "family",
    "secondaryAction": "Open Pathway Report",
    "title": "Connected Student",
    "workspaceDestination": "/students",
  },
  {
    "connectsTo": [
      "Documents",
      "Meeting Prep",
      "Action Items",
      "Recommended Resources",
    ],
    "demoDestination": "/demo/feature/family/pathway-report",
    "featureId": "pathway-report",
    "feedsInto": [
      "Documents",
      "Meeting Prep",
      "Action Items",
      "Recommended Resources",
    ],
    "nextStep": "Read the family view together this week and star one recommendation to raise at the next PPT.",
    "pathwayRelation": "reviews",
    "permission": "Family members you've invited plus your student's caseload team. Never partners, never other families.",
    "primaryAction": "Open Family Report",
    "purpose": "Read the family view of the report, share it with a coach or advocate, and see what changed since last time.",
    "role": "family",
    "secondaryAction": "Prep For Next Meeting",
    "title": "Pathway Report — Family View",
    "workspaceDestination": "/pathway/family",
  },
  {
    "connectsTo": [
      "Pathway Report",
      "Sharing & Consent",
      "Meeting Prep",
    ],
    "demoDestination": "/demo/feature/family/documents",
    "featureId": "documents",
    "feedsInto": [
      "Pathway Report",
      "Sharing & Consent",
      "Meeting Prep",
    ],
    "nextStep": "Upload the latest IEP or evaluation so the Pathway Report reflects current evidence.",
    "pathwayRelation": "feeds",
    "permission": "Family members you've invited plus your student's caseload team. Never partners, never other families.",
    "primaryAction": "Manage Documents",
    "purpose": "Upload a new file, tag its type, and choose who can see it.",
    "role": "family",
    "secondaryAction": "Review Sharing",
    "title": "IEP & Documents",
    "workspaceDestination": "/documents",
  },
  {
    "connectsTo": [
      "Pathway Report",
      "Action Items",
    ],
    "demoDestination": "/demo/feature/family/recommended-resources",
    "featureId": "recommended-resources",
    "feedsInto": [
      "Pathway Report",
      "Action Items",
    ],
    "nextStep": "Save two resources that match your student's interests so they're ready before the next meeting.",
    "pathwayRelation": "generated-from",
    "permission": "Family members you've invited plus your student's caseload team. Never partners, never other families.",
    "primaryAction": "Open Resources",
    "purpose": "Open a resource, save it for the next meeting, or share with a family member.",
    "role": "family",
    "secondaryAction": "Open Pathway Report",
    "title": "Recommended Resources",
    "workspaceDestination": "/resources/saved",
  },
  {
    "connectsTo": [
      "Pathway Report",
      "Meeting Prep",
      "Calendar",
    ],
    "demoDestination": "/demo/feature/family/action-items",
    "featureId": "action-items",
    "feedsInto": [
      "Pathway Report",
      "Meeting Prep",
      "Calendar",
    ],
    "nextStep": "Complete the family-owned items due this week; new ones appear after each PPT.",
    "pathwayRelation": "acts-on",
    "permission": "Family members you've invited plus your student's caseload team. Never partners, never other families.",
    "primaryAction": "Open Action Items",
    "purpose": "Mark items complete, add your own, and see what your team owes back to you.",
    "role": "family",
    "secondaryAction": "Open Calendar",
    "title": "Family Action Items",
    "workspaceDestination": "/family/action-items",
  },
  {
    "connectsTo": [
      "Meeting Prep",
      "Action Items",
    ],
    "demoDestination": "/demo/feature/family/calendar",
    "featureId": "calendar",
    "feedsInto": [
      "Meeting Prep",
      "Action Items",
    ],
    "nextStep": "Add the upcoming PPT to your personal calendar so nothing surprises you.",
    "pathwayRelation": "tracks",
    "permission": "Family members you've invited plus your student's caseload team. Never partners, never other families.",
    "primaryAction": "Open Calendar",
    "purpose": "See what's upcoming, add to your personal calendar, and jump into meeting prep.",
    "role": "family",
    "secondaryAction": "Start Meeting Prep",
    "title": "Calendar",
    "workspaceDestination": "/meetings",
  },
  {
    "connectsTo": [
      "Calendar",
      "Pathway Report",
      "Family Priorities",
    ],
    "demoDestination": "/demo/feature/family/meeting-prep",
    "featureId": "meeting-prep",
    "feedsInto": [
      "Pathway Report",
      "Calendar",
      "Family Priorities",
    ],
    "nextStep": "Add the three questions your family wants answered at the next PPT.",
    "pathwayRelation": "acts-on",
    "permission": "Family members you've invited plus your student's caseload team. Never partners, never other families.",
    "primaryAction": "Prep For Next Meeting",
    "purpose": "Add questions, review the agenda, and print a one-pager for the meeting.",
    "role": "family",
    "secondaryAction": "Open Pathway Report",
    "title": "Meeting Prep",
    "workspaceDestination": "/ppt-prep",
  },
  {
    "connectsTo": [
      "Invite Team Members",
      "Documents",
      "Pathway Report",
    ],
    "demoDestination": "/demo/feature/family/consent",
    "featureId": "consent",
    "feedsInto": [
      "Pathway Report",
      "Sharing & Consent",
      "Invite Team Members",
      "Documents",
    ],
    "nextStep": "Review who has access and revoke anyone who no longer needs it.",
    "pathwayRelation": "supports",
    "permission": "Family members you've invited plus your student's caseload team. Never partners, never other families.",
    "primaryAction": "Manage Sharing",
    "purpose": "Add a viewer or editor, copy a shareable family/educator link, and see who's had access.",
    "role": "family",
    "secondaryAction": "Invite A Team Member",
    "title": "Sharing & Consent",
    "workspaceDestination": "/family/consent",
  },
  {
    "connectsTo": [
      "Sharing & Consent",
      "Student Profile",
    ],
    "demoDestination": "/demo/feature/family/invite-team",
    "featureId": "invite-team",
    "feedsInto": [
      "Pathway Report",
      "Sharing & Consent",
      "Sharing & Consent",
      "Student Profile",
    ],
    "nextStep": "Invite the one advocate or coach who should be at the next PPT.",
    "pathwayRelation": "supports",
    "permission": "Family members you've invited plus your student's caseload team. Never partners, never other families.",
    "primaryAction": "Send An Invite",
    "purpose": "Send an invite by email, choose their role, and track whether they've joined.",
    "role": "family",
    "secondaryAction": "Review Sharing",
    "title": "Invite Team Members",
    "workspaceDestination": "/students",
  },
  {
    "connectsTo": [
      "Student Readiness",
      "Pathway Reports",
      "Meeting Prep",
    ],
    "demoDestination": "/demo/feature/educator/caseload",
    "featureId": "caseload",
    "feedsInto": [
      "Student Readiness",
      "Pathway Reports",
      "Meeting Prep",
      "Case Notes",
    ],
    "nextStep": "Pick one student flagged for pending input and complete their missing readiness section.",
    "pathwayRelation": "tracks",
    "permission": "You and staff assigned to this student's caseload. Family sees a family-friendly version. Partners never see student PII.",
    "primaryAction": "Open Caseload",
    "purpose": "Open a student's profile, sort by readiness or next PPT, and jump straight to their Pathway Report.",
    "role": "educator",
    "secondaryAction": "Open Readiness",
    "title": "Caseload Snapshot",
    "workspaceDestination": "/caseload",
  },
  {
    "connectsTo": [
      "Caseload",
      "Pathway Reports",
      "Action Items",
    ],
    "demoDestination": "/demo/feature/educator/readiness",
    "featureId": "readiness",
    "feedsInto": [
      "Pathway Report",
      "Caseload",
      "Pathway Reports",
      "Action Items",
    ],
    "nextStep": "Open the student with the largest readiness gap and note one action for the next PPT.",
    "pathwayRelation": "feeds",
    "permission": "You and staff assigned to this student's caseload. Family sees a family-friendly version. Partners never see student PII.",
    "primaryAction": "See Readiness Gaps",
    "purpose": "Filter by domain, spot gaps, and route each student to the right intervention.",
    "role": "educator",
    "secondaryAction": "Review A Pathway Report",
    "title": "Student Readiness",
    "workspaceDestination": "/educator/readiness-gaps",
  },
  {
    "connectsTo": [
      "Pathway Reports",
      "Caseload",
    ],
    "demoDestination": "/demo/feature/educator/pending-input",
    "featureId": "pending-input",
    "feedsInto": [
      "Pathway Report",
      "Pathway Reports",
      "Caseload",
    ],
    "nextStep": "Clear the two oldest pending-input items so their Pathway Reports can regenerate.",
    "pathwayRelation": "feeds",
    "permission": "You and staff assigned to this student's caseload. Family sees a family-friendly version. Partners never see student PII.",
    "primaryAction": "Add Input",
    "purpose": "Open the exact section that needs input, add it in under two minutes, and unblock the report.",
    "role": "educator",
    "secondaryAction": "Open Caseload",
    "title": "Pending Educator Input",
    "workspaceDestination": "/teacher-portal",
  },
  {
    "connectsTo": [
      "Caseload",
      "Meeting Prep",
      "Documents",
    ],
    "demoDestination": "/demo/feature/educator/pathway-reports",
    "featureId": "pathway-reports",
    "feedsInto": [
      "Caseload",
      "Meeting Prep",
      "Documents",
      "Case Notes",
    ],
    "nextStep": "Review the report queued for the earliest PPT and approve or send back for edits.",
    "pathwayRelation": "reviews",
    "permission": "You and staff assigned to this student's caseload. Family sees a family-friendly version. Partners never see student PII.",
    "primaryAction": "Open Reports",
    "purpose": "Open a report, review changes since last version, and share the family-friendly view.",
    "role": "educator",
    "secondaryAction": "Prep For A PPT",
    "title": "Pathway Reports",
    "workspaceDestination": "/reports",
  },
  {
    "connectsTo": [
      "Calendar",
      "Pathway Reports",
      "Case Notes",
    ],
    "demoDestination": "/demo/feature/educator/meeting-prep",
    "featureId": "meeting-prep",
    "feedsInto": [
      "Pathway Report",
      "Calendar",
      "Pathway Reports",
      "Case Notes",
    ],
    "nextStep": "Draft the agenda for your next PPT and share it with family 72 hours in advance.",
    "pathwayRelation": "acts-on",
    "permission": "You and staff assigned to this student's caseload. Family sees a family-friendly version. Partners never see student PII.",
    "primaryAction": "Prep For Meetings",
    "purpose": "Open a prep pack, customize the agenda, and share it with family before the meeting.",
    "role": "educator",
    "secondaryAction": "Open Calendar",
    "title": "Meeting Prep",
    "workspaceDestination": "/ppt-prep",
  },
  {
    "connectsTo": [
      "Caseload",
      "Meeting Prep",
    ],
    "demoDestination": "/demo/feature/educator/case-notes",
    "featureId": "case-notes",
    "feedsInto": [
      "Pathway Report",
      "Caseload",
      "Meeting Prep",
    ],
    "nextStep": "Log a case note against the most recent readiness change so context stays in one place.",
    "pathwayRelation": "feeds",
    "permission": "You and staff assigned to this student's caseload. Family sees a family-friendly version. Partners never see student PII.",
    "primaryAction": "Open Notes",
    "purpose": "Add a note in seconds, tag the student, and choose who else can read it.",
    "role": "educator",
    "secondaryAction": "Open Caseload",
    "title": "Case Notes",
    "workspaceDestination": "/educator/notes",
  },
  {
    "connectsTo": [
      "Meeting Prep",
      "Case Notes",
      "Calendar",
    ],
    "demoDestination": "/demo/feature/educator/action-items",
    "featureId": "action-items",
    "feedsInto": [
      "Pathway Report",
      "Meeting Prep",
      "Case Notes",
      "Calendar",
    ],
    "nextStep": "Reassign any overdue action item that belongs to another role.",
    "pathwayRelation": "acts-on",
    "permission": "You and staff assigned to this student's caseload. Family sees a family-friendly version. Partners never see student PII.",
    "primaryAction": "See Action Items",
    "purpose": "Assign an item, set a due date, and get a nudge when something's overdue.",
    "role": "educator",
    "secondaryAction": "Open Meeting Prep",
    "title": "Action Items",
    "workspaceDestination": "/educator/action-items",
  },
  {
    "connectsTo": [
      "Meeting Prep",
      "Action Items",
    ],
    "demoDestination": "/demo/feature/educator/calendar",
    "featureId": "calendar",
    "feedsInto": [
      "Meeting Prep",
      "Action Items",
      "Case Notes",
    ],
    "nextStep": "Confirm PPT invitees for meetings in the next 14 days.",
    "pathwayRelation": "tracks",
    "permission": "You and staff assigned to this student's caseload. Family sees a family-friendly version. Partners never see student PII.",
    "primaryAction": "Open Calendar",
    "purpose": "See what's this week, jump into prep, and sync to your school calendar.",
    "role": "educator",
    "secondaryAction": "Start Meeting Prep",
    "title": "Calendar",
    "workspaceDestination": "/meetings",
  },
  {
    "connectsTo": [
      "Pathway Reports",
      "Pending Input",
    ],
    "demoDestination": "/demo/feature/educator/documents",
    "featureId": "documents",
    "feedsInto": [
      "Pathway Report",
      "Pathway Reports",
      "Pending Input",
    ],
    "nextStep": "Request the missing evaluation you flagged in the readiness scorecard.",
    "pathwayRelation": "feeds",
    "permission": "You and staff assigned to this student's caseload. Family sees a family-friendly version. Partners never see student PII.",
    "primaryAction": "Open Documents",
    "purpose": "Open a document, add notes, and mark it reviewed so the report can move forward.",
    "role": "educator",
    "secondaryAction": "Open A Pathway Report",
    "title": "Document Review",
    "workspaceDestination": "/documents",
  },
  {
    "connectsTo": [
      "Report Completion",
      "Readiness Trends",
      "Implementation Progress",
    ],
    "demoDestination": "/demo/feature/school-admin/school-overview",
    "featureId": "school-overview",
    "feedsInto": [
      "Report Completion",
      "Readiness Trends",
      "Implementation Progress",
    ],
    "nextStep": "Open the caseload with the lowest completion and message the case manager.",
    "pathwayRelation": "tracks",
    "permission": "School-level roll-ups for your school only. No individual student record leaves the caseload team.",
    "primaryAction": "Open School Overview",
    "purpose": "See where your school stands today and jump into the highest-leverage next action.",
    "role": "school-admin",
    "secondaryAction": "Open Report Completion",
    "title": "School Overview",
    "workspaceDestination": "/school/overview",
  },
  {
    "connectsTo": [
      "School Overview",
      "Report Completion",
      "Implementation Progress",
    ],
    "demoDestination": "/demo/feature/school-admin/team-access",
    "featureId": "team-access",
    "feedsInto": [
      "Pathway Report",
      "Sharing & Consent",
      "School Overview",
      "Report Completion",
    ],
    "nextStep": "Audit who has editor access to Pathway Reports and revoke anyone off the team.",
    "pathwayRelation": "supports",
    "permission": "School-level roll-ups for your school only. No individual student record leaves the caseload team.",
    "primaryAction": "Manage Staff",
    "purpose": "Invite staff, adjust access, and confirm every case manager is set up before the year starts.",
    "role": "school-admin",
    "secondaryAction": "Open School Overview",
    "title": "Team / Staff Access",
    "workspaceDestination": "/school/team",
  },
  {
    "connectsTo": [
      "Report Completion",
      "Team Access",
      "Support Needs",
    ],
    "demoDestination": "/demo/feature/school-admin/planning-status",
    "featureId": "planning-status",
    "feedsInto": [
      "Report Completion",
      "Team Access",
      "Support Needs",
    ],
    "nextStep": "Reach out to case managers with plans overdue for annual review.",
    "pathwayRelation": "tracks",
    "permission": "School-level roll-ups for your school only. No individual student record leaves the caseload team.",
    "primaryAction": "Open Planning Status",
    "purpose": "Filter by grade or case manager and spot the students furthest behind. No private documents surfaced.",
    "role": "school-admin",
    "secondaryAction": "Open Readiness Trends",
    "title": "Student Planning Status",
    "workspaceDestination": "/school/planning-status",
  },
  {
    "connectsTo": [
      "Planning Status",
      "Team Access",
      "Support Needs",
    ],
    "demoDestination": "/demo/feature/school-admin/report-completion",
    "featureId": "report-completion",
    "feedsInto": [
      "Planning Status",
      "Team Access",
      "Support Needs",
    ],
    "nextStep": "Post a plan for the two students whose reports are >30 days stale.",
    "pathwayRelation": "tracks",
    "permission": "School-level roll-ups for your school only. No individual student record leaves the caseload team.",
    "primaryAction": "Open Report Completion",
    "purpose": "See exactly which reports are stuck and what's blocking them.",
    "role": "school-admin",
    "secondaryAction": "Open Support Needs",
    "title": "Report Completion",
    "workspaceDestination": "/school/reports",
  },
  {
    "connectsTo": [
      "Resource Usage",
      "Support Needs",
      "Report Completion",
    ],
    "demoDestination": "/demo/feature/school-admin/readiness-trends",
    "featureId": "readiness-trends",
    "feedsInto": [
      "Resource Usage",
      "Support Needs",
      "Report Completion",
    ],
    "nextStep": "Message case managers whose readiness has slipped in the last 30 days.",
    "pathwayRelation": "tracks",
    "permission": "School-level roll-ups for your school only. No individual student record leaves the caseload team.",
    "primaryAction": "Open Readiness Trends",
    "purpose": "Spot common gaps at the grade-band level and route resources or training to close them.",
    "role": "school-admin",
    "secondaryAction": "Open Support Needs",
    "title": "Readiness Trends",
    "workspaceDestination": "/school/readiness-trends",
  },
  {
    "connectsTo": [
      "Readiness Trends",
      "Support Needs",
    ],
    "demoDestination": "/demo/feature/school-admin/resource-usage",
    "featureId": "resource-usage",
    "feedsInto": [
      "Readiness Trends",
      "Support Needs",
    ],
    "nextStep": "Feature one under-used resource in this month's staff meeting.",
    "pathwayRelation": "tracks",
    "permission": "School-level roll-ups for your school only. No individual student record leaves the caseload team.",
    "primaryAction": "Open Resource Usage",
    "purpose": "See what's landing, spot resource gaps, and share the top picks with your team.",
    "role": "school-admin",
    "secondaryAction": "Open Report Completion",
    "title": "Resource Usage",
    "workspaceDestination": "/school/resource-usage",
  },
  {
    "connectsTo": [
      "Team Access",
      "Implementation Progress",
    ],
    "demoDestination": "/demo/feature/school-admin/calendar",
    "featureId": "calendar",
    "feedsInto": [
      "Team Access",
      "Implementation Progress",
    ],
    "nextStep": "Confirm room assignments for PPTs in the next two weeks.",
    "pathwayRelation": "tracks",
    "permission": "School-level roll-ups for your school only. No individual student record leaves the caseload team.",
    "primaryAction": "Open Calendar",
    "purpose": "See what's this week for the building and export dates to your school calendar.",
    "role": "school-admin",
    "secondaryAction": "Open Planning Status",
    "title": "Calendar",
    "workspaceDestination": "/school/calendar",
  },
  {
    "connectsTo": [
      "Readiness Trends",
      "Resource Usage",
      "Implementation Progress",
    ],
    "demoDestination": "/demo/feature/school-admin/support-needs",
    "featureId": "support-needs",
    "feedsInto": [
      "Pathway Report",
      "Readiness Trends",
      "Resource Usage",
      "Implementation Progress",
    ],
    "nextStep": "Open the top support need and route it to the district for implementation help.",
    "pathwayRelation": "acts-on",
    "permission": "School-level roll-ups for your school only. No individual student record leaves the caseload team.",
    "primaryAction": "Open Support Needs",
    "purpose": "Turn observed gaps into concrete asks: coaching, training, or district support.",
    "role": "school-admin",
    "secondaryAction": "Open Implementation",
    "title": "Support Needs",
    "workspaceDestination": "/school/support-needs",
  },
  {
    "connectsTo": [
      "Team Access",
      "School Overview",
      "Support Needs",
    ],
    "demoDestination": "/demo/feature/school-admin/implementation",
    "featureId": "implementation",
    "feedsInto": [
      "Pathway Report",
      "Sharing & Consent",
      "Team Access",
      "School Overview",
    ],
    "nextStep": "Schedule the next PD block from the implementation checklist.",
    "pathwayRelation": "supports",
    "permission": "School-level roll-ups for your school only. No individual student record leaves the caseload team.",
    "primaryAction": "Open Implementation",
    "purpose": "See how launch is progressing and confirm the next milestone owner.",
    "role": "school-admin",
    "secondaryAction": "Open Team Access",
    "title": "Implementation Progress",
    "workspaceDestination": "/school/implementation",
  },
  {
    "connectsTo": [
      "School-by-School Progress",
      "Readiness Trend",
      "Implementation",
    ],
    "demoDestination": "/demo/feature/district-admin/district-overview",
    "featureId": "district-overview",
    "feedsInto": [
      "School-by-School Progress",
      "Readiness Trend",
      "Implementation",
    ],
    "nextStep": "Open the school with the largest readiness gap and start an implementation review.",
    "pathwayRelation": "tracks",
    "permission": "District aggregates only. Student-level records stay with the school teams; you see counts, trends, and coverage.",
    "primaryAction": "Open District Overview",
    "purpose": "See district-wide movement and jump to the school that most needs attention.",
    "role": "district-admin",
    "secondaryAction": "Open School Progress",
    "title": "District Overview",
    "workspaceDestination": "/district/overview",
  },
  {
    "connectsTo": [
      "District Overview",
      "Implementation",
      "Service Gaps",
    ],
    "demoDestination": "/demo/feature/district-admin/connected-schools",
    "featureId": "connected-schools",
    "feedsInto": [
      "Pathway Report",
      "Sharing & Consent",
      "District Overview",
      "Implementation",
    ],
    "nextStep": "Onboard the one school still marked pending activation.",
    "pathwayRelation": "supports",
    "permission": "District aggregates only. Student-level records stay with the school teams; you see counts, trends, and coverage.",
    "primaryAction": "Open Schools",
    "purpose": "Confirm every school has a lead admin, active staff, and a healthy caseload distribution.",
    "role": "district-admin",
    "secondaryAction": "Open Implementation",
    "title": "Connected Schools",
    "workspaceDestination": "/district/schools",
  },
  {
    "connectsTo": [
      "Connected Schools",
      "Readiness Trend",
      "Service Gaps",
    ],
    "demoDestination": "/demo/feature/district-admin/school-progress",
    "featureId": "school-progress",
    "feedsInto": [
      "Connected Schools",
      "Readiness Trend",
      "Service Gaps",
    ],
    "nextStep": "Message the school with the slowest completion trend to offer PD support.",
    "pathwayRelation": "tracks",
    "permission": "District aggregates only. Student-level records stay with the school teams; you see counts, trends, and coverage.",
    "primaryAction": "Compare Schools",
    "purpose": "Spot which schools are ahead, which are behind, and where to send coaching or resources.",
    "role": "district-admin",
    "secondaryAction": "Open Readiness Trend",
    "title": "School-by-School Progress",
    "workspaceDestination": "/district/progress",
  },
  {
    "connectsTo": [
      "School-by-School Progress",
      "Service Gaps",
    ],
    "demoDestination": "/demo/feature/district-admin/readiness-trend",
    "featureId": "readiness-trend",
    "feedsInto": [
      "School-by-School Progress",
      "Service Gaps",
    ],
    "nextStep": "Compare this quarter to last quarter and note which domain is trending down.",
    "pathwayRelation": "tracks",
    "permission": "District aggregates only. Student-level records stay with the school teams; you see counts, trends, and coverage.",
    "primaryAction": "Open Readiness Trend",
    "purpose": "See where the district is growing and where cohort-level support is needed.",
    "role": "district-admin",
    "secondaryAction": "Open Service Gaps",
    "title": "Readiness Trend",
    "workspaceDestination": "/district/readiness-trends",
  },
  {
    "connectsTo": [
      "Connected Schools",
      "School-by-School Progress",
    ],
    "demoDestination": "/demo/feature/district-admin/implementation",
    "featureId": "implementation",
    "feedsInto": [
      "Pathway Report",
      "Sharing & Consent",
      "Connected Schools",
      "School-by-School Progress",
    ],
    "nextStep": "Schedule the next implementation milestone with the two lagging schools.",
    "pathwayRelation": "supports",
    "permission": "District aggregates only. Student-level records stay with the school teams; you see counts, trends, and coverage.",
    "primaryAction": "Open Implementation",
    "purpose": "Confirm each school is progressing and identify buildings that need launch help.",
    "role": "district-admin",
    "secondaryAction": "Open District Reports",
    "title": "Implementation Progress",
    "workspaceDestination": "/district/implementation",
  },
  {
    "connectsTo": [
      "School-by-School Progress",
      "Service Gaps",
    ],
    "demoDestination": "/demo/feature/district-admin/district-reports",
    "featureId": "district-reports",
    "feedsInto": [
      "School-by-School Progress",
      "Service Gaps",
    ],
    "nextStep": "Export the current district report for your next board meeting.",
    "pathwayRelation": "tracks",
    "permission": "District aggregates only. Student-level records stay with the school teams; you see counts, trends, and coverage.",
    "primaryAction": "Open District Reports",
    "purpose": "Track district-wide report output and surface completion blockers to fix them at the source.",
    "role": "district-admin",
    "secondaryAction": "Open School Progress",
    "title": "District Reports",
    "workspaceDestination": "/district/reports",
  },
  {
    "connectsTo": [
      "Readiness Trend",
      "Connected Schools",
    ],
    "demoDestination": "/demo/feature/district-admin/service-gaps",
    "featureId": "service-gaps",
    "feedsInto": [
      "Pathway Report",
      "Readiness Trend",
      "Connected Schools",
    ],
    "nextStep": "Escalate the top service gap and pair it with a partner match request.",
    "pathwayRelation": "acts-on",
    "permission": "District aggregates only. Student-level records stay with the school teams; you see counts, trends, and coverage.",
    "primaryAction": "Open Service Gaps",
    "purpose": "Route new partner outreach, RFPs, or district-level programming where gaps are largest.",
    "role": "district-admin",
    "secondaryAction": "Open Implementation",
    "title": "Service Gaps",
    "workspaceDestination": "/district/service-gaps",
  },
  {
    "connectsTo": [
      "Active Opportunities",
      "Partner Resources",
    ],
    "demoDestination": "/demo/feature/partner/partner-profile",
    "featureId": "partner-profile",
    "feedsInto": [
      "Pathway Report",
      "Sharing & Consent",
      "Active Opportunities",
      "Partner Resources",
    ],
    "nextStep": "Update your program description and eligibility so students see accurate matches.",
    "pathwayRelation": "supports",
    "permission": "Your organization only. Partners never see student PII, IEPs, Voice, Pathway Reports, or family notes.",
    "primaryAction": "Edit Profile",
    "purpose": "Complete every section so your organization is discoverable and trusted by families.",
    "role": "partner",
    "secondaryAction": "Open Opportunities",
    "title": "Partner Profile",
    "workspaceDestination": "/partners-manage/profile",
  },
  {
    "connectsTo": [
      "Submitted Programs",
      "Application Windows",
    ],
    "demoDestination": "/demo/feature/partner/active-opportunities",
    "featureId": "active-opportunities",
    "feedsInto": [
      "Pathway Report",
      "Sharing & Consent",
      "Submitted Programs",
      "Application Windows",
    ],
    "nextStep": "Refresh application deadlines for opportunities open in the next 30 days.",
    "pathwayRelation": "supports",
    "permission": "Your organization only. Partners never see student PII, IEPs, Voice, Pathway Reports, or family notes.",
    "primaryAction": "See Active Opportunities",
    "purpose": "Review what's live, edit details, or unpublish anything no longer available.",
    "role": "partner",
    "secondaryAction": "Manage An Opportunity",
    "title": "Active Opportunities",
    "workspaceDestination": "/partners-manage/opportunities",
  },
  {
    "connectsTo": [
      "Active Opportunities",
    ],
    "demoDestination": "/demo/feature/partner/submitted-programs",
    "featureId": "submitted-programs",
    "feedsInto": [
      "Pathway Report",
      "Sharing & Consent",
      "Active Opportunities",
    ],
    "nextStep": "Respond to families who applied in the last 7 days.",
    "pathwayRelation": "supports",
    "permission": "Your organization only. Partners never see student PII, IEPs, Voice, Pathway Reports, or family notes.",
    "primaryAction": "See Submissions",
    "purpose": "Track review status and respond to any admin questions or requested edits.",
    "role": "partner",
    "secondaryAction": "Open Application Windows",
    "title": "Submitted Programs",
    "workspaceDestination": "/partners-manage/opportunities",
  },
  {
    "connectsTo": [
      "Active Opportunities",
    ],
    "demoDestination": "/demo/feature/partner/application-windows",
    "featureId": "application-windows",
    "feedsInto": [
      "Pathway Report",
      "Sharing & Consent",
      "Active Opportunities",
    ],
    "nextStep": "Publish next season's application window so it appears in matched recommendations.",
    "pathwayRelation": "supports",
    "permission": "Your organization only. Partners never see student PII, IEPs, Voice, Pathway Reports, or family notes.",
    "primaryAction": "Open Windows",
    "purpose": "Keep dates and links current so families don't miss deadlines.",
    "role": "partner",
    "secondaryAction": "Open Opportunity Management",
    "title": "Application Windows",
    "workspaceDestination": "/partners-manage/deadlines",
  },
  {
    "connectsTo": [
      "Active Opportunities",
      "Submitted Programs",
    ],
    "demoDestination": "/demo/feature/partner/opportunity-management",
    "featureId": "opportunity-management",
    "feedsInto": [
      "Pathway Report",
      "Sharing & Consent",
      "Active Opportunities",
      "Submitted Programs",
    ],
    "nextStep": "Archive the two opportunities whose dates have passed.",
    "pathwayRelation": "supports",
    "permission": "Your organization only. Partners never see student PII, IEPs, Voice, Pathway Reports, or family notes.",
    "primaryAction": "Open Management",
    "purpose": "Refresh a program, retire an outdated one, or spin up a new offering fast.",
    "role": "partner",
    "secondaryAction": "Open Active Opportunities",
    "title": "Opportunity Management",
    "workspaceDestination": "/partners-manage/opportunities",
  },
  {
    "connectsTo": [
      "Partner Resources",
      "Partner Profile",
    ],
    "demoDestination": "/demo/feature/partner/incentives",
    "featureId": "incentives",
    "feedsInto": [
      "Pathway Report",
      "Sharing & Consent",
      "Partner Resources",
      "Partner Profile",
    ],
    "nextStep": "Confirm participation incentives that expire in the next 60 days.",
    "pathwayRelation": "supports",
    "permission": "Your organization only. Partners never see student PII, IEPs, Voice, Pathway Reports, or family notes.",
    "primaryAction": "Open Incentives",
    "purpose": "Explore incentives that fit your organization and click through to the official source.",
    "role": "partner",
    "secondaryAction": "Open Partner Profile",
    "title": "PartnerForward Incentives",
    "workspaceDestination": "/partnerforward/incentives",
  },
  {
    "connectsTo": [
      "Partner Profile",
      "Opportunity Management",
    ],
    "demoDestination": "/demo/feature/partner/partner-resources",
    "featureId": "partner-resources",
    "feedsInto": [
      "Pathway Report",
      "Sharing & Consent",
      "Partner Profile",
      "Opportunity Management",
    ],
    "nextStep": "Add one partner-facing guide the whole organization can share.",
    "pathwayRelation": "supports",
    "permission": "Your organization only. Partners never see student PII, IEPs, Voice, Pathway Reports, or family notes.",
    "primaryAction": "Open Resources",
    "purpose": "Download templates, share with your team, and improve your program design.",
    "role": "partner",
    "secondaryAction": "Open Partner Profile",
    "title": "Partner Resources",
    "workspaceDestination": "/partners-manage/resources",
  },
  {
    "connectsTo": [
      "Role Audit",
      "Activity Log",
      "Analytics",
    ],
    "demoDestination": "/demo/feature/owner/testing",
    "featureId": "testing",
    "feedsInto": [
      "Pathway Report",
      "Sharing & Consent",
      "Role Audit",
      "Activity Log",
    ],
    "nextStep": "Open Testing Scripts and pick one item to move forward this week — it will show up in Role Audit for the rest of the team.",
    "pathwayRelation": "supports",
    "permission": "Platform Admins only. Tenant-level operations; never a channel to view a specific student's plan.",
    "primaryAction": "Open Testing Scripts",
    "purpose": "Open a script, walk through the steps, and record pass / fail with notes.",
    "role": "owner",
    "secondaryAction": "Back To Owner Hub",
    "title": "Testing Scripts",
    "workspaceDestination": "/owner/testing",
  },
  {
    "connectsTo": [
      "Activity Log",
      "Testing",
      "Analytics",
    ],
    "demoDestination": "/demo/feature/owner/diagnostics",
    "featureId": "diagnostics",
    "feedsInto": [
      "Pathway Report",
      "Sharing & Consent",
      "Activity Log",
      "Testing",
    ],
    "nextStep": "Open System Diagnostics and pick one item to move forward this week — it will show up in Activity Log for the rest of the team.",
    "pathwayRelation": "supports",
    "permission": "Platform Admins only. Tenant-level operations; never a channel to view a specific student's plan.",
    "primaryAction": "Open Health Dashboard",
    "purpose": "Check the last hour's errors, restart a stuck worker, or drill into a slow query.",
    "role": "owner",
    "secondaryAction": "Back To Owner Hub",
    "title": "System Diagnostics",
    "workspaceDestination": "/owner/health",
  },
  {
    "connectsTo": [
      "Activity Log",
      "Contacts",
      "Testing",
    ],
    "demoDestination": "/demo/feature/owner/role-audit",
    "featureId": "role-audit",
    "feedsInto": [
      "Pathway Report",
      "Sharing & Consent",
      "Activity Log",
      "Contacts",
    ],
    "nextStep": "Open Role Audit and pick one item to move forward this week — it will show up in Activity Log for the rest of the team.",
    "pathwayRelation": "supports",
    "permission": "Platform Admins only. Tenant-level operations; never a channel to view a specific student's plan.",
    "primaryAction": "Open Role Audit",
    "purpose": "Grant, revoke, or downgrade a role; every change is logged with actor + reason.",
    "role": "owner",
    "secondaryAction": "Back To Owner Hub",
    "title": "Role Audit",
    "workspaceDestination": "/owner/role-audit",
  },
  {
    "connectsTo": [
      "Blog",
      "Resources",
      "Analytics",
    ],
    "demoDestination": "/demo/feature/owner/content",
    "featureId": "content",
    "feedsInto": [
      "Pathway Report",
      "Sharing & Consent",
      "Blog",
      "Resources",
    ],
    "nextStep": "Open Content Library and pick one item to move forward this week — it will show up in Blog for the rest of the team.",
    "pathwayRelation": "supports",
    "permission": "Platform Admins only. Tenant-level operations; never a channel to view a specific student's plan.",
    "primaryAction": "Open Content",
    "purpose": "Draft a post, publish or unpublish an item, and see which pieces are trending in the last 30 days.",
    "role": "owner",
    "secondaryAction": "Back To Owner Hub",
    "title": "Content Library",
    "workspaceDestination": "/owner/content",
  },
  {
    "connectsTo": [
      "Testing",
      "Role Audit",
      "Activity Log",
    ],
    "demoDestination": "/demo/feature/owner/demo-hub",
    "featureId": "demo-hub",
    "feedsInto": [
      "Pathway Report",
      "Sharing & Consent",
      "Testing",
      "Role Audit",
    ],
    "nextStep": "Open Demo Hub and pick one item to move forward this week — it will show up in Testing for the rest of the team.",
    "pathwayRelation": "supports",
    "permission": "Platform Admins only. Tenant-level operations; never a channel to view a specific student's plan.",
    "primaryAction": "Open Demo Hub",
    "purpose": "Reset a demo tenant, mint credentials, or preview any role's dashboard as sample data.",
    "role": "owner",
    "secondaryAction": "Back To Owner Hub",
    "title": "Demo Hub",
    "workspaceDestination": "/owner/demo",
  },
  {
    "connectsTo": [
      "Role Audit",
      "Testing",
      "Diagnostics",
    ],
    "demoDestination": "/demo/feature/owner/activity",
    "featureId": "activity",
    "feedsInto": [
      "Pathway Report",
      "Sharing & Consent",
      "Role Audit",
      "Testing",
    ],
    "nextStep": "Open Activity Log and pick one item to move forward this week — it will show up in Role Audit for the rest of the team.",
    "pathwayRelation": "supports",
    "permission": "Platform Admins only. Tenant-level operations; never a channel to view a specific student's plan.",
    "primaryAction": "Open Activity Log",
    "purpose": "Filter by actor, tenant, or event type; export a slice for compliance review.",
    "role": "owner",
    "secondaryAction": "Back To Owner Hub",
    "title": "Activity Log",
    "workspaceDestination": "/owner/activity",
  },
  {
    "connectsTo": [
      "Testing",
      "Content",
      "District Reports",
    ],
    "demoDestination": "/demo/feature/owner/analytics",
    "featureId": "analytics",
    "feedsInto": [
      "Pathway Report",
      "Sharing & Consent",
      "Testing",
      "Content",
    ],
    "nextStep": "Open Platform Analytics and pick one item to move forward this week — it will show up in Testing for the rest of the team.",
    "pathwayRelation": "supports",
    "permission": "Platform Admins only. Tenant-level operations; never a channel to view a specific student's plan.",
    "primaryAction": "Open Analytics",
    "purpose": "Compare this month to last, spot a slipping district, or export a slice for a stakeholder update.",
    "role": "owner",
    "secondaryAction": "Back To Owner Hub",
    "title": "Platform Analytics",
    "workspaceDestination": "/owner/analytics",
  },
  {
    "connectsTo": [
      "Demo Hub",
      "Role Audit",
      "Analytics",
    ],
    "demoDestination": "/demo/feature/owner/pilot-packages",
    "featureId": "pilot-packages",
    "feedsInto": [
      "Pathway Report",
      "Sharing & Consent",
      "Demo Hub",
      "Role Audit",
    ],
    "nextStep": "Open Pilot Packages and pick one item to move forward this week — it will show up in Demo Hub for the rest of the team.",
    "pathwayRelation": "supports",
    "permission": "Platform Admins only. Tenant-level operations; never a channel to view a specific student's plan.",
    "primaryAction": "Open Pilot Packages",
    "purpose": "Create a new pilot, edit an existing bundle, and check milestone completion.",
    "role": "owner",
    "secondaryAction": "Back To Owner Hub",
    "title": "Pilot Packages",
    "workspaceDestination": "/owner/pilot-packages",
  },
]
`;
